[backblue.gif]
[fade.gif]
[index.html]
[notube.net/index.html]
[notube.net/convert-tr/tr.html]
[cdn.notube.net/images/general/cover.jpg]
[cdn.notube.net/images/general/cover_tw0cc1.jpg]
[notube.net/cdn-cgi/apps/head/nUoHLEcseCGCBFxDZ3Cr2Kk9Tno.js]
[cdn.notube.net/images/general/favicon.png]
[notube.net/convert-en/en.html]
[notube.net/convert-es/es.html]
[notube.net/convert-fr/fr.html]
[notube.net/convert-de/de.html]
[notube.net/convert-pt/pt.html]
[notube.net/convert-ru/ru.html]
[notube.net/convert-it/it.html]
[cdn.notube.net/templates/notube/css/main.css]
[cdn.notube.net/templates/notube/js/jquery.min.js]
[cdn.notube.net/templates/notube/js/bootstrap.min.js]
[cdn.notube.net/templates/notube/js/owl.carousel.min.js]
[cdn.notube.net/templates/notube/js/waypoints.min.js]
[cdn.notube.net/templates/notube/js/main.js]
[cdn.notube.net/templates/notube/images/loader.png]
[cdn.notube.net/images/general/logo.png]
[cdn.notube.net/images/general/logo_scroll.png]
[notube.net/tr/faq.html]
[notube.net/tr/contact.html]
[cdn.notube.net/images/general/wallpaper.jpg]
[cdn.notube.net/images/general/section-bg.png]
[notube.net/fr/youtube-convertisseur.html]
[notube.net/tr/youtube-converter.html]
[notube.net/en/terms.html]
[notube.net/tr/dmca.html]
[cdn.notube.net/images/icons/kopimi.png]
[notube.net/convert-tr/tr.html]
[ajax.cloudflare.com/cdn-cgi/scripts/7089c43e/cloudflare-static/rocket-loader.min.js]
[notube.net/en/faq.html]
[notube.net/en/contact.html]
[notube.net/en/converter-youtube.html]
[notube.net/convert-en/en.html]
[notube.net/en/dmca.html]
[notube.net/es/faq.html]
[notube.net/es/contact.html]
[notube.net/es/youtube-convertidor.html]
[notube.net/convert-es/es.html]
[notube.net/es/dmca.html]
[notube.net/fr/faq.html]
[notube.net/fr/contact.html]
[notube.net/convert-fr/fr.html]
[notube.net/fr/dmca.html]
[notube.net/de/faq.html]
[notube.net/de/contact.html]
[notube.net/de/konverter-youtube.html]
[notube.net/convert-de/de.html]
[notube.net/de/dmca.html]
[notube.net/pt/faq.html]
[notube.net/pt/contact.html]
[notube.net/pt/youtube converter-youtube]
[notube.net/pt/conversor-do-youtube.html]
[notube.net/convert-pt/pt.html]
[notube.net/pt/dmca.html]
[notube.net/ru/faq.html]
[notube.net/ru/contact.html]
[notube.net/en/youtube-converter-youtube]
[notube.net/ru/youtube-converter.html]
[notube.net/convert-ru/ru.html]
[notube.net/ru/dmca.html]
[notube.net/it/faq.html]
[notube.net/it/contact.html]
[notube.net/it/youtube converter-youtube]
[notube.net/it/convertitore-youtube.html]
[notube.net/convert-it/it.html]
[notube.net/it/dmca.html]
[cdn.notube.net/templates/notube/images/icon-plus.png]
[cdn.notube.net/templates/notube/images/next.png]
[cdn.notube.net/templates/notube/images/next2.png]
[cdn.notube.net/templates/notube/images/plus.png]
[cdn.notube.net/templates/notube/images/exert.png]
[cdn.notube.net/templates/notube/images/search.png]
[cdn.notube.net/templates/notube/images/doc.png]
[cdn.notube.net/templates/notube/css/images/assets/video.html]
[cdn.notube.net/templates/notube/images/back-to-top-icon.png]
[cdn.notube.net/templates/notube/css/owl.video.play.html]
[cdn.notube.net/images/icons/icons_sprites.png]
[cdn.notube.net/images/general/flags.png]
[cdn.notube.net/images/icons/chat_icon.png]
[cdn.notube.net/templates/notube/css/main.css]
[cdn.notube.net/images/general/faq-banner.jpg]
[notube.net/tr/faq.html]
[cdn.notube.net/images/general/contact-banner.jpg]
[www.google.com/recaptcha/api.js]
[notube.net/tr/contact.html]
[notube.net/fr/youtube-convertisseur.html]
[notube.net/tr/youtube-converter.html]
[notube.net/fr/terms.68.delayed]
[cdn.notube.net/templates/notube/images/loader_search.gif]
[notube.net/de/terms]
[notube.net/pt/terms]
[notube.net/tr/terms]
[notube.net/ru/terms]
[notube.net/it/terms]
[notube.net/cdn-cgi/l/email-protection.html]
[notube.net/en/terms.html]
[notube.net/tr/dmca.html]
[notube.net/cdn-cgi/scripts/5c5dd728/cloudflare-static/email-decode.min.js]
[notube.net/en/faq.html]
[notube.net/en/contact.html]
[notube.net/en/converter-youtube.html]
[notube.net/en/dmca.html]
[notube.net/es/faq.html]
[notube.net/es/contact.html]
[notube.net/es/youtube-convertidor.html]
[notube.net/es/dmca.html]
[notube.net/fr/faq.html]
[notube.net/fr/contact.html]
[notube.net/fr/dmca.html]
[notube.net/de/faq.html]
[notube.net/de/contact.html]
[notube.net/de/konverter-youtube.html]
[notube.net/de/dmca.html]
[notube.net/pt/faq.html]
[notube.net/pt/contact.html]
[notube.net/pt/youtube converter-youtube.html]
[notube.net/pt/conversor-do-youtube.html]
[notube.net/pt/dmca.html]
[notube.net/ru/faq.html]
[notube.net/ru/contact.html]
[notube.net/en/youtube-converter-youtube.html]
[notube.net/ru/youtube-converter.html]
[notube.net/ru/dmca.html]
[notube.net/it/faq.html]
[notube.net/it/contact.html]
[notube.net/it/youtube converter-youtube.html]
[notube.net/it/convertitore-youtube.html]
[notube.net/it/dmca.html]
[cdn.notube.net/templates/notube/css/images/assets/video.html]
[cdn.notube.net/templates/notube/css/owl.video.play.html]
[notube.net/fr/terms.html]
[notube.net/de/terms.html]
[notube.net/pt/terms.html]
[notube.net/tr/terms.html]
[notube.net/ru/terms.html]
[notube.net/it/terms.html]
[notube.net/cdn-cgi/l/email-protection.html]
[platform.twitter.com/widgets.js]
[notube.net/es/terms]
[notube.net/es/terms]
